expert_descriptor('zara:expert/android-troubleshooting','0.3.0',zara,hybrid,'sha256:android.troubleshoot.v1').
expert_descriptor('zara:expert/future','2.0.0',zara,symbolic,'sha256:future.expert.v2').
expert_descriptor('zara:expert/prolog-rlm','0.9.1',zara,service,'sha256:prolog.rlm.v1').
expert_descriptor('zara:expert/todo','1.0.0',zara,symbolic,'sha256:todo.expert.v1').
expert_keyword('zara:expert/android-troubleshooting',adb).
expert_keyword('zara:expert/android-troubleshooting',android).
expert_keyword('zara:expert/android-troubleshooting',build).
expert_keyword('zara:expert/android-troubleshooting',wear).
expert_keyword('zara:expert/future',future).
expert_keyword('zara:expert/prolog-rlm',prolog).
expert_keyword('zara:expert/prolog-rlm',reasoning).
expert_keyword('zara:expert/prolog-rlm',rlm).
expert_keyword('zara:expert/todo',reminders).
expert_keyword('zara:expert/todo',tasks).
expert_keyword('zara:expert/todo',todo).
expert_operation('zara:expert/android-troubleshooting','adb.diagnose',[],[]).
expert_operation('zara:expert/android-troubleshooting','logs.explain',[],[]).
expert_operation('zara:expert/future','demo.ping',[],[]).
expert_operation('zara:expert/prolog-rlm','rlm.explain',[],[]).
expert_operation('zara:expert/prolog-rlm','rlm.query',[],[]).
expert_operation('zara:expert/todo','route.diagnose',[],[]).
expert_operation('zara:expert/todo','route.explain',[],[]).
